// Jest Snapshot v1, https://goo.gl/fbAQLP

exports[`<Userlogin/> should render without crashing 1`] = `
ShallowWrapper {
  Symbol(enzyme.__root__): [Circular],
  Symbol(enzyme.__unrendered__): <Userlogin
    registerUser={[MockFunction]}
  />,
  Symbol(enzyme.__renderer__): Object {
    "batchedUpdates": [Function],
    "getNode": [Function],
    "render": [Function],
    "simulateError": [Function],
    "simulateEvent": [Function],
    "unmount": [Function],
  },
  Symbol(enzyme.__node__): Object {
    "instance": null,
    "key": undefined,
    "nodeType": "host",
    "props": Object {
      "children": <div
        className="signupmodal"
      >
        <form
          className="modal-content animate"
          name="sigin"
          onSubmit={[Function]}
        >
          <h1>
            Fast-Food-Fast
          </h1>
          <div
            className="imgcontainer"
          />
          <div
            className="container"
          >
            <label
              forhtml="username"
            >
              <b>
                Username
              </b>
            </label>
            <input
              name="username"
              onChange={[Function]}
              placeholder="Enter Username"
              required={true}
              type="text"
              value=""
            />
            <label
              forhtml="password"
            >
              <b>
                Password
              </b>
            </label>
            <input
              id="pwd"
              name="password"
              onChange={[Function]}
              placeholder="***************"
              required={true}
              type="password"
              value=""
            />
            <input
              className="signupbtn"
              type="submit"
              value="Login"
            />
            <Link
              replace={false}
              to="/signup"
            >
              <h4>
                Sign up
              </h4>
            </Link>
          </div>
        </form>
      </div>,
      "className": "flex-grow-1",
    },
    "ref": null,
    "rendered": Object {
      "instance": null,
      "key": undefined,
      "nodeType": "host",
      "props": Object {
        "children": <form
          className="modal-content animate"
          name="sigin"
          onSubmit={[Function]}
        >
          <h1>
            Fast-Food-Fast
          </h1>
          <div
            className="imgcontainer"
          />
          <div
            className="container"
          >
            <label
              forhtml="username"
            >
              <b>
                Username
              </b>
            </label>
            <input
              name="username"
              onChange={[Function]}
              placeholder="Enter Username"
              required={true}
              type="text"
              value=""
            />
            <label
              forhtml="password"
            >
              <b>
                Password
              </b>
            </label>
            <input
              id="pwd"
              name="password"
              onChange={[Function]}
              placeholder="***************"
              required={true}
              type="password"
              value=""
            />
            <input
              className="signupbtn"
              type="submit"
              value="Login"
            />
            <Link
              replace={false}
              to="/signup"
            >
              <h4>
                Sign up
              </h4>
            </Link>
          </div>
        </form>,
        "className": "signupmodal",
      },
      "ref": null,
      "rendered": Object {
        "instance": null,
        "key": undefined,
        "nodeType": "host",
        "props": Object {
          "children": Array [
            <h1>
              Fast-Food-Fast
            </h1>,
            <div
              className="imgcontainer"
            />,
            <div
              className="container"
            >
              <label
                forhtml="username"
              >
                <b>
                  Username
                </b>
              </label>
              <input
                name="username"
                onChange={[Function]}
                placeholder="Enter Username"
                required={true}
                type="text"
                value=""
              />
              <label
                forhtml="password"
              >
                <b>
                  Password
                </b>
              </label>
              <input
                id="pwd"
                name="password"
                onChange={[Function]}
                placeholder="***************"
                required={true}
                type="password"
                value=""
              />
              <input
                className="signupbtn"
                type="submit"
                value="Login"
              />
              <Link
                replace={false}
                to="/signup"
              >
                <h4>
                  Sign up
                </h4>
              </Link>
            </div>,
          ],
          "className": "modal-content animate",
          "name": "sigin",
          "onSubmit": [Function],
        },
        "ref": null,
        "rendered": Array [
          Object {
            "instance": null,
            "key": undefined,
            "nodeType": "host",
            "props": Object {
              "children": "Fast-Food-Fast",
            },
            "ref": null,
            "rendered": "Fast-Food-Fast",
            "type": "h1",
          },
          Object {
            "instance": null,
            "key": undefined,
            "nodeType": "host",
            "props": Object {
              "className": "imgcontainer",
            },
            "ref": null,
            "rendered": null,
            "type": "div",
          },
          Object {
            "instance": null,
            "key": undefined,
            "nodeType": "host",
            "props": Object {
              "children": Array [
                <label
                  forhtml="username"
                >
                  <b>
                    Username
                  </b>
                </label>,
                <input
                  name="username"
                  onChange={[Function]}
                  placeholder="Enter Username"
                  required={true}
                  type="text"
                  value=""
                />,
                <label
                  forhtml="password"
                >
                  <b>
                    Password
                  </b>
                </label>,
                <input
                  id="pwd"
                  name="password"
                  onChange={[Function]}
                  placeholder="***************"
                  required={true}
                  type="password"
                  value=""
                />,
                <input
                  className="signupbtn"
                  type="submit"
                  value="Login"
                />,
                <Link
                  replace={false}
                  to="/signup"
                >
                  <h4>
                    Sign up
                  </h4>
                </Link>,
              ],
              "className": "container",
            },
            "ref": null,
            "rendered": Array [
              Object {
                "instance": null,
                "key": undefined,
                "nodeType": "host",
                "props": Object {
                  "children": <b>
                    Username
                  </b>,
                  "forhtml": "username",
                },
                "ref": null,
                "rendered": Object {
                  "instance": null,
                  "key": undefined,
                  "nodeType": "host",
                  "props": Object {
                    "children": "Username",
                  },
                  "ref": null,
                  "rendered": "Username",
                  "type": "b",
                },
                "type": "label",
              },
              Object {
                "instance": null,
                "key": undefined,
                "nodeType": "host",
                "props": Object {
                  "name": "username",
                  "onChange": [Function],
                  "placeholder": "Enter Username",
                  "required": true,
                  "type": "text",
                  "value": "",
                },
                "ref": null,
                "rendered": null,
                "type": "input",
              },
              Object {
                "instance": null,
                "key": undefined,
                "nodeType": "host",
                "props": Object {
                  "children": <b>
                    Password
                  </b>,
                  "forhtml": "password",
                },
                "ref": null,
                "rendered": Object {
                  "instance": null,
                  "key": undefined,
                  "nodeType": "host",
                  "props": Object {
                    "children": "Password",
                  },
                  "ref": null,
                  "rendered": "Password",
                  "type": "b",
                },
                "type": "label",
              },
              Object {
                "instance": null,
                "key": undefined,
                "nodeType": "host",
                "props": Object {
                  "id": "pwd",
                  "name": "password",
                  "onChange": [Function],
                  "placeholder": "***************",
                  "required": true,
                  "type": "password",
                  "value": "",
                },
                "ref": null,
                "rendered": null,
                "type": "input",
              },
              Object {
                "instance": null,
                "key": undefined,
                "nodeType": "host",
                "props": Object {
                  "className": "signupbtn",
                  "type": "submit",
                  "value": "Login",
                },
                "ref": null,
                "rendered": null,
                "type": "input",
              },
              Object {
                "instance": null,
                "key": undefined,
                "nodeType": "class",
                "props": Object {
                  "children": <h4>
                    Sign up
                  </h4>,
                  "replace": false,
                  "to": "/signup",
                },
                "ref": null,
                "rendered": Object {
                  "instance": null,
                  "key": undefined,
                  "nodeType": "host",
                  "props": Object {
                    "children": "Sign up",
                  },
                  "ref": null,
                  "rendered": "Sign up",
                  "type": "h4",
                },
                "type": [Function],
              },
            ],
            "type": "div",
          },
        ],
        "type": "form",
      },
      "type": "div",
    },
    "type": "div",
  },
  Symbol(enzyme.__nodes__): Array [
    Object {
      "instance": null,
      "key": undefined,
      "nodeType": "host",
      "props": Object {
        "children": <div
          className="signupmodal"
        >
          <form
            className="modal-content animate"
            name="sigin"
            onSubmit={[Function]}
          >
            <h1>
              Fast-Food-Fast
            </h1>
            <div
              className="imgcontainer"
            />
            <div
              className="container"
            >
              <label
                forhtml="username"
              >
                <b>
                  Username
                </b>
              </label>
              <input
                name="username"
                onChange={[Function]}
                placeholder="Enter Username"
                required={true}
                type="text"
                value=""
              />
              <label
                forhtml="password"
              >
                <b>
                  Password
                </b>
              </label>
              <input
                id="pwd"
                name="password"
                onChange={[Function]}
                placeholder="***************"
                required={true}
                type="password"
                value=""
              />
              <input
                className="signupbtn"
                type="submit"
                value="Login"
              />
              <Link
                replace={false}
                to="/signup"
              >
                <h4>
                  Sign up
                </h4>
              </Link>
            </div>
          </form>
        </div>,
        "className": "flex-grow-1",
      },
      "ref": null,
      "rendered": Object {
        "instance": null,
        "key": undefined,
        "nodeType": "host",
        "props": Object {
          "children": <form
            className="modal-content animate"
            name="sigin"
            onSubmit={[Function]}
          >
            <h1>
              Fast-Food-Fast
            </h1>
            <div
              className="imgcontainer"
            />
            <div
              className="container"
            >
              <label
                forhtml="username"
              >
                <b>
                  Username
                </b>
              </label>
              <input
                name="username"
                onChange={[Function]}
                placeholder="Enter Username"
                required={true}
                type="text"
                value=""
              />
              <label
                forhtml="password"
              >
                <b>
                  Password
                </b>
              </label>
              <input
                id="pwd"
                name="password"
                onChange={[Function]}
                placeholder="***************"
                required={true}
                type="password"
                value=""
              />
              <input
                className="signupbtn"
                type="submit"
                value="Login"
              />
              <Link
                replace={false}
                to="/signup"
              >
                <h4>
                  Sign up
                </h4>
              </Link>
            </div>
          </form>,
          "className": "signupmodal",
        },
        "ref": null,
        "rendered": Object {
          "instance": null,
          "key": undefined,
          "nodeType": "host",
          "props": Object {
            "children": Array [
              <h1>
                Fast-Food-Fast
              </h1>,
              <div
                className="imgcontainer"
              />,
              <div
                className="container"
              >
                <label
                  forhtml="username"
                >
                  <b>
                    Username
                  </b>
                </label>
                <input
                  name="username"
                  onChange={[Function]}
                  placeholder="Enter Username"
                  required={true}
                  type="text"
                  value=""
                />
                <label
                  forhtml="password"
                >
                  <b>
                    Password
                  </b>
                </label>
                <input
                  id="pwd"
                  name="password"
                  onChange={[Function]}
                  placeholder="***************"
                  required={true}
                  type="password"
                  value=""
                />
                <input
                  className="signupbtn"
                  type="submit"
                  value="Login"
                />
                <Link
                  replace={false}
                  to="/signup"
                >
                  <h4>
                    Sign up
                  </h4>
                </Link>
              </div>,
            ],
            "className": "modal-content animate",
            "name": "sigin",
            "onSubmit": [Function],
          },
          "ref": null,
          "rendered": Array [
            Object {
              "instance": null,
              "key": undefined,
              "nodeType": "host",
              "props": Object {
                "children": "Fast-Food-Fast",
              },
              "ref": null,
              "rendered": "Fast-Food-Fast",
              "type": "h1",
            },
            Object {
              "instance": null,
              "key": undefined,
              "nodeType": "host",
              "props": Object {
                "className": "imgcontainer",
              },
              "ref": null,
              "rendered": null,
              "type": "div",
            },
            Object {
              "instance": null,
              "key": undefined,
              "nodeType": "host",
              "props": Object {
                "children": Array [
                  <label
                    forhtml="username"
                  >
                    <b>
                      Username
                    </b>
                  </label>,
                  <input
                    name="username"
                    onChange={[Function]}
                    placeholder="Enter Username"
                    required={true}
                    type="text"
                    value=""
                  />,
                  <label
                    forhtml="password"
                  >
                    <b>
                      Password
                    </b>
                  </label>,
                  <input
                    id="pwd"
                    name="password"
                    onChange={[Function]}
                    placeholder="***************"
                    required={true}
                    type="password"
                    value=""
                  />,
                  <input
                    className="signupbtn"
                    type="submit"
                    value="Login"
                  />,
                  <Link
                    replace={false}
                    to="/signup"
                  >
                    <h4>
                      Sign up
                    </h4>
                  </Link>,
                ],
                "className": "container",
              },
              "ref": null,
              "rendered": Array [
                Object {
                  "instance": null,
                  "key": undefined,
                  "nodeType": "host",
                  "props": Object {
                    "children": <b>
                      Username
                    </b>,
                    "forhtml": "username",
                  },
                  "ref": null,
                  "rendered": Object {
                    "instance": null,
                    "key": undefined,
                    "nodeType": "host",
                    "props": Object {
                      "children": "Username",
                    },
                    "ref": null,
                    "rendered": "Username",
                    "type": "b",
                  },
                  "type": "label",
                },
                Object {
                  "instance": null,
                  "key": undefined,
                  "nodeType": "host",
                  "props": Object {
                    "name": "username",
                    "onChange": [Function],
                    "placeholder": "Enter Username",
                    "required": true,
                    "type": "text",
                    "value": "",
                  },
                  "ref": null,
                  "rendered": null,
                  "type": "input",
                },
                Object {
                  "instance": null,
                  "key": undefined,
                  "nodeType": "host",
                  "props": Object {
                    "children": <b>
                      Password
                    </b>,
                    "forhtml": "password",
                  },
                  "ref": null,
                  "rendered": Object {
                    "instance": null,
                    "key": undefined,
                    "nodeType": "host",
                    "props": Object {
                      "children": "Password",
                    },
                    "ref": null,
                    "rendered": "Password",
                    "type": "b",
                  },
                  "type": "label",
                },
                Object {
                  "instance": null,
                  "key": undefined,
                  "nodeType": "host",
                  "props": Object {
                    "id": "pwd",
                    "name": "password",
                    "onChange": [Function],
                    "placeholder": "***************",
                    "required": true,
                    "type": "password",
                    "value": "",
                  },
                  "ref": null,
                  "rendered": null,
                  "type": "input",
                },
                Object {
                  "instance": null,
                  "key": undefined,
                  "nodeType": "host",
                  "props": Object {
                    "className": "signupbtn",
                    "type": "submit",
                    "value": "Login",
                  },
                  "ref": null,
                  "rendered": null,
                  "type": "input",
                },
                Object {
                  "instance": null,
                  "key": undefined,
                  "nodeType": "class",
                  "props": Object {
                    "children": <h4>
                      Sign up
                    </h4>,
                    "replace": false,
                    "to": "/signup",
                  },
                  "ref": null,
                  "rendered": Object {
                    "instance": null,
                    "key": undefined,
                    "nodeType": "host",
                    "props": Object {
                      "children": "Sign up",
                    },
                    "ref": null,
                    "rendered": "Sign up",
                    "type": "h4",
                  },
                  "type": [Function],
                },
              ],
              "type": "div",
            },
          ],
          "type": "form",
        },
        "type": "div",
      },
      "type": "div",
    },
  ],
  Symbol(enzyme.__options__): Object {
    "adapter": ReactSixteenAdapter {
      "options": Object {
        "enableComponentDidUpdateOnSetState": true,
        "lifecycles": Object {
          "componentDidUpdate": Object {
            "onSetState": true,
          },
          "getDerivedStateFromProps": true,
          "getSnapshotBeforeUpdate": true,
          "setState": Object {
            "skipsComponentDidUpdateOnNullish": true,
          },
        },
      },
    },
  },
}
`;
